
> @figma/my-make-file@0.0.1 build
> vite build

[36mvite v6.4.1 [32mbuilding for production...[36m[39m
transforming...
[32mΓ£ô[39m 1764 modules transformed.
node.exe : 
[31mΓ£ù[39m Build 
failed in 2.51s
At line:1 char:1
+ & "C:\Program Files
\nodejs/node.exe" 
"C:\Program 
Files\nodejs/node_mo 
...
+ ~~~~~~~~~~~~~~~~~~~
~~~~~~~~~~~~~~~~~~~~~
~~~~~~~~~~~~~~~~~~~~~
~~~~~~~~
    + CategoryInfo   
           : NotSpe  
  cified: ([31mΓ£   
 ù[39m Build fai    
led in 2.51s:Str    
ing) [], RemoteE    
xception
    + FullyQualified 
   ErrorId : Native  
  CommandError
 
[31merror during 
build:
[31msrc/app/componen
ts/booking-steps/Rent
alTypeSelection.jsx 
(2:15): 
"SteeringWheel" is 
not exported by "node
_modules/lucide-react
/dist/esm/lucide-reac
t.js", imported by "s
rc/app/components/boo
king-steps/RentalType
Selection.jsx".[31m
file: [36mC:/Users/V
asigaran/Downloads/WH
EELIONEW/Wheelio-main
/src/app/components/b
ooking-steps/RentalTy
peSelection.jsx:2:15
[31m
[33m
1: import React from 
'react';
2: import { User, 
SteeringWheel } from 
'lucide-react';
                  ^
3: 
4: const 
RentalTypeSelection 
= ({ onNext, 
initialType }) => {
[31m
    at 
getRollupError (file:
///C:/Users/Vasigaran
/Downloads/WHEELIONEW
/Wheelio-main/node_mo
dules/rollup/dist/es/
shared/parseAst.js:40
1:41)
    at error (file://
/C:/Users/Vasigaran/D
ownloads/WHEELIONEW/W
heelio-main/node_modu
les/rollup/dist/es/sh
ared/parseAst.js:397:
42)
    at Module.error (
file:///C:/Users/Vasi
garan/Downloads/WHEEL
IONEW/Wheelio-main/no
de_modules/rollup/dis
t/es/shared/node-entr
y.js:17022:16)
    at 
Module.traceVariable 
(file:///C:/Users/Vas
igaran/Downloads/WHEE
LIONEW/Wheelio-main/n
ode_modules/rollup/di
st/es/shared/node-ent
ry.js:17478:29)
    at ModuleScope.fi
ndVariable (file:///C
:/Users/Vasigaran/Dow
nloads/WHEELIONEW/Whe
elio-main/node_module
s/rollup/dist/es/shar
ed/node-entry.js:1514
1:39)
    at ReturnValueSco
pe.findVariable (file
:///C:/Users/Vasigara
n/Downloads/WHEELIONE
W/Wheelio-main/node_m
odules/rollup/dist/es
/shared/node-entry.js
:5688:38)
    at FunctionBodySc
ope.findVariable (fil
e:///C:/Users/Vasigar
an/Downloads/WHEELION
EW/Wheelio-main/node_
modules/rollup/dist/e
s/shared/node-entry.j
s:5688:38)
    at 
Identifier.bind (file
:///C:/Users/Vasigara
n/Downloads/WHEELIONE
W/Wheelio-main/node_m
odules/rollup/dist/es
/shared/node-entry.js
:5462:40)
    at 
CallExpression.bind (
file:///C:/Users/Vasi
garan/Downloads/WHEEL
IONEW/Wheelio-main/no
de_modules/rollup/dis
t/es/shared/node-entr
y.js:2825:28)
    at 
CallExpression.bind (
file:///C:/Users/Vasi
garan/Downloads/WHEEL
IONEW/Wheelio-main/no
de_modules/rollup/dis
t/es/shared/node-entr
y.js:12172:15)[39m
